I'm sorry, but errors were detected in your script. Please correct the
errors listed below, and try again.


File "game/script.rpy", line 58: end of line expected.
    show Tinsel_Teeth_main.jpg
                          ^

Ren'Py Version: Ren'Py 7.0.0.196
Mon Jul 23 17:30:13 2018
